core_cm7.h:2606:26:ITM_SendChar	16	static,ignoring_inline_asm
main.c:74:5:_write	32	static
main.c:93:5:main	16	static
main.c:187:6:SystemClock_Config	312	static
main.c:261:13:MX_FDCAN1_Init	8	static
main.c:314:13:MX_FDCAN2_Init	8	static
main.c:367:13:MX_SDMMC1_SD_Init	4	static
main.c:395:13:MX_SPI1_Init	8	static
main.c:443:13:MX_UART8_Init	8	static
main.c:491:13:MX_USART3_UART_Init	8	static
main.c:537:13:MX_DMA_Init	16	static
main.c:555:13:MX_GPIO_Init	56	static
main.c:628:6:HAL_UART_RxCpltCallback	24	static
main.c:654:6:Error_Handler	4	static,ignoring_inline_asm
