main.c:103:5:main	2056	static
main.c:332:6:SystemClock_Config	312	static
main.c:427:13:MX_FDCAN1_Init	8	static
main.c:480:13:MX_FDCAN2_Init	8	static
main.c:533:13:MX_RTC_Init	32	static
main.c:596:13:MX_SDMMC1_SD_Init	4	static
main.c:624:13:MX_SPI1_Init	8	static
main.c:672:13:MX_UART8_Init	8	static
main.c:720:13:MX_USART3_UART_Init	8	static
main.c:766:13:MX_DMA_Init	16	static
main.c:784:13:MX_GPIO_Init	56	static
main.c:862:6:HAL_GPIO_EXTI_Callback	16	static
main.c:874:6:HAL_PWR_PVDCallback	4	static
main.c:888:6:Error_Handler	8	static,ignoring_inline_asm
